{
  "timestamp": "20260707_172119",
  "best_model": "HGB_LogFeat",
  "best_RMSLE": 0.4647597660117215,
  "models": [
    {
      "model": "Lag_16",
      "RMSLE": 0.6966653231112899,
      "MAE": 145.22548474243126,
      "MSE": 260179.51617336978,
      "RMSE": 510.0779510754898,
      "R2": 0.8330495391561441
    },
    {
      "model": "Lag_28",
      "RMSLE": 0.6274414600785191,
      "MAE": 82.87114246996703,
      "MSE": 96874.48260513131,
      "RMSE": 311.2466587854901,
      "R2": 0.9378381520851173
    },
    {
      "model": "Rolling_Mean_28",
      "RMSLE": 0.5502305966190475,
      "MAE": 99.04063424769033,
      "MSE": 103764.78333174414,
      "RMSE": 322.1254155321249,
      "R2": 0.9334168244626374
    },
    {
      "model": "Rolling_Mean_56",
      "RMSLE": 0.545714332394806,
      "MAE": 100.77033493238673,
      "MSE": 107651.79889074693,
      "RMSE": 328.1033356897594,
      "R2": 0.9309226271928941
    },
    {
      "model": "Ridge_Scratch",
      "RMSLE": 0.79856329206695,
      "MAE": 218.3422800209133,
      "MSE": 1867040.8651394006,
      "RMSE": 1366.3970378844506,
      "R2": -0.1980317952533659
    },
    {
      "model": "MLP_Scratch",
      "RMSLE": 0.6042151534836994,
      "MAE": 126.27306948323697,
      "MSE": 395022.09120191564,
      "RMSE": 628.5078290697066,
      "R2": 0.7465245491281547
    },
    {
      "model": "HGB_Scratch",
      "RMSLE": 0.4647597839738007,
      "MAE": 91.24849398840361,
      "MSE": 136513.7408345167,
      "RMSE": 369.4776594525259,
      "R2": 0.9124026661320466
    },
    {
      "model": "Ridge_LogFeat",
      "RMSLE": 0.5122503217491216,
      "MAE": 99.69997405093238,
      "MSE": 114383.45970395766,
      "RMSE": 338.20623841667623,
      "R2": 0.9266030946964882
    },
    {
      "model": "MLP_LogFeat",
      "RMSLE": 0.4805414958184563,
      "MAE": 93.58280614459584,
      "MSE": 90686.14767875244,
      "RMSE": 301.14140811046303,
      "R2": 0.941809046423804
    },
    {
      "model": "HGB_LogFeat",
      "RMSLE": 0.4647597660117215,
      "MAE": 91.24848351634866,
      "MSE": 136513.70707659252,
      "RMSE": 369.47761376921403,
      "R2": 0.9124026877936326
    }
  ]
}